[2022-09-13T19:49:15.943+0200][gc] Using G1
[2022-09-13T19:49:15.949+0200][gc,init] Version: 16+36-2231 (release)
[2022-09-13T19:49:15.949+0200][gc,init] CPUs: 12 total, 12 available
[2022-09-13T19:49:15.949+0200][gc,init] Memory: 32768M
[2022-09-13T19:49:15.949+0200][gc,init] Large Page Support: Disabled
[2022-09-13T19:49:15.949+0200][gc,init] NUMA Support: Disabled
[2022-09-13T19:49:15.949+0200][gc,init] Compressed Oops: Enabled (Zero based)
[2022-09-13T19:49:15.949+0200][gc,init] Heap Region Size: 1M
[2022-09-13T19:49:15.949+0200][gc,init] Heap Min Capacity: 1G
[2022-09-13T19:49:15.949+0200][gc,init] Heap Initial Capacity: 1G
[2022-09-13T19:49:15.949+0200][gc,init] Heap Max Capacity: 1G
[2022-09-13T19:49:15.949+0200][gc,init] Pre-touch: Disabled
[2022-09-13T19:49:15.949+0200][gc,init] Parallel Workers: 10
[2022-09-13T19:49:15.949+0200][gc,init] Concurrent Workers: 3
[2022-09-13T19:49:15.949+0200][gc,init] Concurrent Refinement Workers: 10
[2022-09-13T19:49:15.949+0200][gc,init] Periodic GC: Disabled
[2022-09-13T19:49:15.950+0200][gc,metaspace] CDS archive(s) mapped at: [0x0000000800000000-0x0000000800bb9000-0x0000000800bb9000), size 12292096, SharedBaseAddress: 0x0000000800000000, ArchiveRelocationMode: 0.
[2022-09-13T19:49:15.950+0200][gc,metaspace] Compressed class space mapped at: 0x0000000800c00000-0x0000000840c00000, reserved size: 1073741824
[2022-09-13T19:49:15.950+0200][gc,metaspace] Narrow klass base: 0x0000000800000000, Narrow klass shift: 3, Narrow klass range: 0x100000000
[2022-09-13T19:49:16.954+0200][gc,start    ] GC(0) Pause Young (Normal) (G1 Evacuation Pause)
[2022-09-13T19:49:16.954+0200][gc,task     ] GC(0) Using 10 workers of 10 for evacuation
[2022-09-13T19:49:16.958+0200][gc,phases   ] GC(0)   Pre Evacuate Collection Set: 0.1ms
[2022-09-13T19:49:16.958+0200][gc,phases   ] GC(0)   Merge Heap Roots: 0.1ms
[2022-09-13T19:49:16.958+0200][gc,phases   ] GC(0)   Evacuate Collection Set: 3.4ms
[2022-09-13T19:49:16.958+0200][gc,phases   ] GC(0)   Post Evacuate Collection Set: 0.4ms
[2022-09-13T19:49:16.958+0200][gc,phases   ] GC(0)   Other: 0.5ms
[2022-09-13T19:49:16.958+0200][gc,heap     ] GC(0) Eden regions: 51->0(44)
[2022-09-13T19:49:16.958+0200][gc,heap     ] GC(0) Survivor regions: 0->7(7)
[2022-09-13T19:49:16.958+0200][gc,heap     ] GC(0) Old regions: 0->1
[2022-09-13T19:49:16.958+0200][gc,heap     ] GC(0) Archive regions: 2->2
[2022-09-13T19:49:16.958+0200][gc,heap     ] GC(0) Humongous regions: 0->0
[2022-09-13T19:49:16.958+0200][gc,metaspace] GC(0) Metaspace: 18057K(18304K)->18057K(18304K) NonClass: 15914K(16064K)->15914K(16064K) Class: 2143K(2240K)->2143K(2240K)
[2022-09-13T19:49:16.958+0200][gc          ] GC(0) Pause Young (Normal) (G1 Evacuation Pause) 51M->8M(1024M) 4.603ms
[2022-09-13T19:49:16.958+0200][gc,cpu      ] GC(0) User=0.02s Sys=0.01s Real=0.00s
[2022-09-13T19:49:17.106+0200][gc,start    ] GC(1) Pause Young (Concurrent Start) (Metadata GC Threshold)
[2022-09-13T19:49:17.106+0200][gc,task     ] GC(1) Using 10 workers of 10 for evacuation
[2022-09-13T19:49:17.112+0200][gc,phases   ] GC(1)   Pre Evacuate Collection Set: 0.1ms
[2022-09-13T19:49:17.112+0200][gc,phases   ] GC(1)   Merge Heap Roots: 0.1ms
[2022-09-13T19:49:17.112+0200][gc,phases   ] GC(1)   Evacuate Collection Set: 4.9ms
[2022-09-13T19:49:17.112+0200][gc,phases   ] GC(1)   Post Evacuate Collection Set: 0.3ms
[2022-09-13T19:49:17.112+0200][gc,phases   ] GC(1)   Other: 0.2ms
[2022-09-13T19:49:17.112+0200][gc,heap     ] GC(1) Eden regions: 11->0(50)
[2022-09-13T19:49:17.112+0200][gc,heap     ] GC(1) Survivor regions: 7->1(7)
[2022-09-13T19:49:17.112+0200][gc,heap     ] GC(1) Old regions: 1->7
[2022-09-13T19:49:17.112+0200][gc,heap     ] GC(1) Archive regions: 2->2
[2022-09-13T19:49:17.112+0200][gc,heap     ] GC(1) Humongous regions: 0->0
[2022-09-13T19:49:17.112+0200][gc,metaspace] GC(1) Metaspace: 21010K(21248K)->21010K(21248K) NonClass: 18481K(18624K)->18481K(18624K) Class: 2529K(2624K)->2529K(2624K)
[2022-09-13T19:49:17.112+0200][gc          ] GC(1) Pause Young (Concurrent Start) (Metadata GC Threshold) 18M->8M(1024M) 5.770ms
[2022-09-13T19:49:17.112+0200][gc,cpu      ] GC(1) User=0.03s Sys=0.02s Real=0.01s
[2022-09-13T19:49:17.112+0200][gc          ] GC(2) Concurrent Mark Cycle
[2022-09-13T19:49:17.112+0200][gc,marking  ] GC(2) Concurrent Clear Claimed Marks
[2022-09-13T19:49:17.112+0200][gc,marking  ] GC(2) Concurrent Clear Claimed Marks 0.019ms
[2022-09-13T19:49:17.112+0200][gc,marking  ] GC(2) Concurrent Scan Root Regions
[2022-09-13T19:49:17.114+0200][gc,marking  ] GC(2) Concurrent Scan Root Regions 1.879ms
[2022-09-13T19:49:17.114+0200][gc,marking  ] GC(2) Concurrent Mark
[2022-09-13T19:49:17.114+0200][gc,marking  ] GC(2) Concurrent Mark From Roots
[2022-09-13T19:49:17.114+0200][gc,task     ] GC(2) Using 3 workers of 3 for marking
[2022-09-13T19:49:17.115+0200][gc,marking  ] GC(2) Concurrent Mark From Roots 0.977ms
[2022-09-13T19:49:17.115+0200][gc,marking  ] GC(2) Concurrent Preclean
[2022-09-13T19:49:17.115+0200][gc,marking  ] GC(2) Concurrent Preclean 0.032ms
[2022-09-13T19:49:17.115+0200][gc,start    ] GC(2) Pause Remark
[2022-09-13T19:49:17.116+0200][gc          ] GC(2) Pause Remark 9M->9M(1024M) 0.919ms
[2022-09-13T19:49:17.116+0200][gc,cpu      ] GC(2) User=0.00s Sys=0.00s Real=0.00s
[2022-09-13T19:49:17.116+0200][gc,marking  ] GC(2) Concurrent Mark 2.136ms
[2022-09-13T19:49:17.116+0200][gc,marking  ] GC(2) Concurrent Rebuild Remembered Sets
[2022-09-13T19:49:17.117+0200][gc,marking  ] GC(2) Concurrent Rebuild Remembered Sets 1.471ms
[2022-09-13T19:49:17.117+0200][gc,start    ] GC(2) Pause Cleanup
[2022-09-13T19:49:17.118+0200][gc          ] GC(2) Pause Cleanup 9M->9M(1024M) 0.165ms
[2022-09-13T19:49:17.118+0200][gc,cpu      ] GC(2) User=0.00s Sys=0.00s Real=0.00s
[2022-09-13T19:49:17.118+0200][gc,marking  ] GC(2) Concurrent Cleanup for Next Mark
[2022-09-13T19:49:17.122+0200][gc,marking  ] GC(2) Concurrent Cleanup for Next Mark 4.180ms
[2022-09-13T19:49:17.122+0200][gc          ] GC(2) Concurrent Mark Cycle 10.177ms
[2022-09-13T19:49:17.774+0200][gc,start    ] GC(3) Pause Young (Normal) (G1 Evacuation Pause)
[2022-09-13T19:49:17.774+0200][gc,task     ] GC(3) Using 10 workers of 10 for evacuation
[2022-09-13T19:49:17.777+0200][gc,phases   ] GC(3)   Pre Evacuate Collection Set: 0.1ms
[2022-09-13T19:49:17.777+0200][gc,phases   ] GC(3)   Merge Heap Roots: 0.0ms
[2022-09-13T19:49:17.777+0200][gc,phases   ] GC(3)   Evacuate Collection Set: 2.1ms
[2022-09-13T19:49:17.777+0200][gc,phases   ] GC(3)   Post Evacuate Collection Set: 0.3ms
[2022-09-13T19:49:17.777+0200][gc,phases   ] GC(3)   Other: 0.1ms
[2022-09-13T19:49:17.777+0200][gc,heap     ] GC(3) Eden regions: 50->0(45)
[2022-09-13T19:49:17.777+0200][gc,heap     ] GC(3) Survivor regions: 1->6(7)
[2022-09-13T19:49:17.777+0200][gc,heap     ] GC(3) Old regions: 7->7
[2022-09-13T19:49:17.777+0200][gc,heap     ] GC(3) Archive regions: 2->2
[2022-09-13T19:49:17.777+0200][gc,heap     ] GC(3) Humongous regions: 129->129
[2022-09-13T19:49:17.777+0200][gc,metaspace] GC(3) Metaspace: 32613K(32896K)->32613K(32896K) NonClass: 28971K(29120K)->28971K(29120K) Class: 3641K(3776K)->3641K(3776K)
[2022-09-13T19:49:17.777+0200][gc          ] GC(3) Pause Young (Normal) (G1 Evacuation Pause) 187M->142M(1024M) 2.753ms
[2022-09-13T19:49:17.777+0200][gc,cpu      ] GC(3) User=0.02s Sys=0.00s Real=0.00s
[2022-09-13T19:49:17.844+0200][gc,start    ] GC(4) Pause Young (Concurrent Start) (Metadata GC Threshold)
[2022-09-13T19:49:17.844+0200][gc,task     ] GC(4) Using 10 workers of 10 for evacuation
[2022-09-13T19:49:17.849+0200][gc,phases   ] GC(4)   Pre Evacuate Collection Set: 0.1ms
[2022-09-13T19:49:17.849+0200][gc,phases   ] GC(4)   Merge Heap Roots: 0.0ms
[2022-09-13T19:49:17.849+0200][gc,phases   ] GC(4)   Evacuate Collection Set: 3.7ms
[2022-09-13T19:49:17.849+0200][gc,phases   ] GC(4)   Post Evacuate Collection Set: 0.4ms
[2022-09-13T19:49:17.849+0200][gc,phases   ] GC(4)   Other: 0.1ms
[2022-09-13T19:49:17.849+0200][gc,heap     ] GC(4) Eden regions: 12->0(49)
[2022-09-13T19:49:17.849+0200][gc,heap     ] GC(4) Survivor regions: 6->2(7)
[2022-09-13T19:49:17.849+0200][gc,heap     ] GC(4) Old regions: 7->13
[2022-09-13T19:49:17.849+0200][gc,heap     ] GC(4) Archive regions: 2->2
[2022-09-13T19:49:17.849+0200][gc,heap     ] GC(4) Humongous regions: 129->129
[2022-09-13T19:49:17.849+0200][gc,metaspace] GC(4) Metaspace: 35200K(35520K)->35200K(35520K) NonClass: 31180K(31360K)->31180K(31360K) Class: 4019K(4160K)->4019K(4160K)
[2022-09-13T19:49:17.849+0200][gc          ] GC(4) Pause Young (Concurrent Start) (Metadata GC Threshold) 154M->143M(1024M) 4.504ms
[2022-09-13T19:49:17.849+0200][gc,cpu      ] GC(4) User=0.03s Sys=0.00s Real=0.00s
[2022-09-13T19:49:17.849+0200][gc          ] GC(5) Concurrent Mark Cycle
[2022-09-13T19:49:17.849+0200][gc,marking  ] GC(5) Concurrent Clear Claimed Marks
[2022-09-13T19:49:17.849+0200][gc,marking  ] GC(5) Concurrent Clear Claimed Marks 0.017ms
[2022-09-13T19:49:17.849+0200][gc,marking  ] GC(5) Concurrent Scan Root Regions
[2022-09-13T19:49:17.851+0200][gc,marking  ] GC(5) Concurrent Scan Root Regions 2.176ms
[2022-09-13T19:49:17.851+0200][gc,marking  ] GC(5) Concurrent Mark
[2022-09-13T19:49:17.851+0200][gc,marking  ] GC(5) Concurrent Mark From Roots
[2022-09-13T19:49:17.851+0200][gc,task     ] GC(5) Using 3 workers of 3 for marking
[2022-09-13T19:49:17.856+0200][gc,marking  ] GC(5) Concurrent Mark From Roots 4.577ms
[2022-09-13T19:49:17.856+0200][gc,marking  ] GC(5) Concurrent Preclean
[2022-09-13T19:49:17.856+0200][gc,marking  ] GC(5) Concurrent Preclean 0.055ms
[2022-09-13T19:49:17.856+0200][gc,start    ] GC(5) Pause Remark
[2022-09-13T19:49:17.857+0200][gc          ] GC(5) Pause Remark 144M->144M(1024M) 0.942ms
[2022-09-13T19:49:17.857+0200][gc,cpu      ] GC(5) User=0.00s Sys=0.00s Real=0.00s
[2022-09-13T19:49:17.857+0200][gc,marking  ] GC(5) Concurrent Mark 5.838ms
[2022-09-13T19:49:17.857+0200][gc,marking  ] GC(5) Concurrent Rebuild Remembered Sets
[2022-09-13T19:49:17.861+0200][gc,marking  ] GC(5) Concurrent Rebuild Remembered Sets 3.860ms
[2022-09-13T19:49:17.879+0200][gc,start    ] GC(5) Pause Cleanup
[2022-09-13T19:49:17.879+0200][gc          ] GC(5) Pause Cleanup 145M->145M(1024M) 0.154ms
[2022-09-13T19:49:17.879+0200][gc,cpu      ] GC(5) User=0.00s Sys=0.00s Real=0.00s
[2022-09-13T19:49:17.879+0200][gc,marking  ] GC(5) Concurrent Cleanup for Next Mark
[2022-09-13T19:49:17.884+0200][gc,marking  ] GC(5) Concurrent Cleanup for Next Mark 4.814ms
[2022-09-13T19:49:17.884+0200][gc          ] GC(5) Concurrent Mark Cycle 35.083ms
[2022-09-13T19:52:17.608+0200][gc,start    ] GC(6) Pause Young (Normal) (G1 Evacuation Pause)
[2022-09-13T19:52:17.608+0200][gc,task     ] GC(6) Using 10 workers of 10 for evacuation
[2022-09-13T19:52:17.610+0200][gc,phases   ] GC(6)   Pre Evacuate Collection Set: 0.1ms
[2022-09-13T19:52:17.610+0200][gc,phases   ] GC(6)   Merge Heap Roots: 0.1ms
[2022-09-13T19:52:17.610+0200][gc,phases   ] GC(6)   Evacuate Collection Set: 2.1ms
[2022-09-13T19:52:17.610+0200][gc,phases   ] GC(6)   Post Evacuate Collection Set: 0.4ms
[2022-09-13T19:52:17.610+0200][gc,phases   ] GC(6)   Other: 0.1ms
[2022-09-13T19:52:17.610+0200][gc,heap     ] GC(6) Eden regions: 49->0(47)
[2022-09-13T19:52:17.610+0200][gc,heap     ] GC(6) Survivor regions: 2->4(7)
[2022-09-13T19:52:17.610+0200][gc,heap     ] GC(6) Old regions: 13->13
[2022-09-13T19:52:17.610+0200][gc,heap     ] GC(6) Archive regions: 2->2
[2022-09-13T19:52:17.611+0200][gc,heap     ] GC(6) Humongous regions: 129->129
[2022-09-13T19:52:17.611+0200][gc,metaspace] GC(6) Metaspace: 40680K(41280K)->40680K(41280K) NonClass: 35780K(36096K)->35780K(36096K) Class: 4900K(5184K)->4900K(5184K)
[2022-09-13T19:52:17.611+0200][gc          ] GC(6) Pause Young (Normal) (G1 Evacuation Pause) 192M->146M(1024M) 2.898ms
[2022-09-13T19:52:17.611+0200][gc,cpu      ] GC(6) User=0.02s Sys=0.00s Real=0.01s
[2022-09-13T19:53:34.697+0200][gc,heap,exit] Heap
[2022-09-13T19:53:34.697+0200][gc,heap,exit]  garbage-first heap   total 1048576K, used 174118K [0x00000007c0000000, 0x0000000800000000)
[2022-09-13T19:53:34.697+0200][gc,heap,exit]   region size 1024K, 28 young (28672K), 4 survivors (4096K)
[2022-09-13T19:53:34.697+0200][gc,heap,exit]  Metaspace       used 42705K, committed 43328K, reserved 1089536K
[2022-09-13T19:53:34.697+0200][gc,heap,exit]   class space    used 5217K, committed 5504K, reserved 1048576K
