[2022-09-13T19:40:36.136+0200][gc] Using G1
[2022-09-13T19:40:36.141+0200][gc,init] Version: 16+36-2231 (release)
[2022-09-13T19:40:36.141+0200][gc,init] CPUs: 12 total, 12 available
[2022-09-13T19:40:36.141+0200][gc,init] Memory: 32768M
[2022-09-13T19:40:36.141+0200][gc,init] Large Page Support: Disabled
[2022-09-13T19:40:36.141+0200][gc,init] NUMA Support: Disabled
[2022-09-13T19:40:36.141+0200][gc,init] Compressed Oops: Enabled (Zero based)
[2022-09-13T19:40:36.141+0200][gc,init] Heap Region Size: 1M
[2022-09-13T19:40:36.141+0200][gc,init] Heap Min Capacity: 1G
[2022-09-13T19:40:36.141+0200][gc,init] Heap Initial Capacity: 1G
[2022-09-13T19:40:36.141+0200][gc,init] Heap Max Capacity: 1G
[2022-09-13T19:40:36.141+0200][gc,init] Pre-touch: Disabled
[2022-09-13T19:40:36.141+0200][gc,init] Parallel Workers: 10
[2022-09-13T19:40:36.141+0200][gc,init] Concurrent Workers: 3
[2022-09-13T19:40:36.141+0200][gc,init] Concurrent Refinement Workers: 10
[2022-09-13T19:40:36.141+0200][gc,init] Periodic GC: Disabled
[2022-09-13T19:40:36.141+0200][gc,metaspace] CDS archive(s) mapped at: [0x0000000800000000-0x0000000800bb9000-0x0000000800bb9000), size 12292096, SharedBaseAddress: 0x0000000800000000, ArchiveRelocationMode: 0.
[2022-09-13T19:40:36.141+0200][gc,metaspace] Compressed class space mapped at: 0x0000000800c00000-0x0000000840c00000, reserved size: 1073741824
[2022-09-13T19:40:36.141+0200][gc,metaspace] Narrow klass base: 0x0000000800000000, Narrow klass shift: 3, Narrow klass range: 0x100000000
[2022-09-13T19:40:37.305+0200][gc,start    ] GC(0) Pause Young (Normal) (G1 Evacuation Pause)
[2022-09-13T19:40:37.305+0200][gc,task     ] GC(0) Using 10 workers of 10 for evacuation
[2022-09-13T19:40:37.310+0200][gc,phases   ] GC(0)   Pre Evacuate Collection Set: 0.1ms
[2022-09-13T19:40:37.310+0200][gc,phases   ] GC(0)   Merge Heap Roots: 0.1ms
[2022-09-13T19:40:37.310+0200][gc,phases   ] GC(0)   Evacuate Collection Set: 3.3ms
[2022-09-13T19:40:37.310+0200][gc,phases   ] GC(0)   Post Evacuate Collection Set: 0.7ms
[2022-09-13T19:40:37.310+0200][gc,phases   ] GC(0)   Other: 0.6ms
[2022-09-13T19:40:37.310+0200][gc,heap     ] GC(0) Eden regions: 51->0(44)
[2022-09-13T19:40:37.310+0200][gc,heap     ] GC(0) Survivor regions: 0->7(7)
[2022-09-13T19:40:37.310+0200][gc,heap     ] GC(0) Old regions: 0->0
[2022-09-13T19:40:37.310+0200][gc,heap     ] GC(0) Archive regions: 2->2
[2022-09-13T19:40:37.310+0200][gc,heap     ] GC(0) Humongous regions: 0->0
[2022-09-13T19:40:37.310+0200][gc,metaspace] GC(0) Metaspace: 18041K(18240K)->18041K(18240K) NonClass: 15902K(16000K)->15902K(16000K) Class: 2139K(2240K)->2139K(2240K)
[2022-09-13T19:40:37.310+0200][gc          ] GC(0) Pause Young (Normal) (G1 Evacuation Pause) 51M->7M(1024M) 5.036ms
[2022-09-13T19:40:37.310+0200][gc,cpu      ] GC(0) User=0.02s Sys=0.01s Real=0.01s
[2022-09-13T19:40:37.593+0200][gc,start    ] GC(1) Pause Young (Concurrent Start) (Metadata GC Threshold)
[2022-09-13T19:40:37.593+0200][gc,task     ] GC(1) Using 10 workers of 10 for evacuation
[2022-09-13T19:40:37.598+0200][gc,phases   ] GC(1)   Pre Evacuate Collection Set: 0.1ms
[2022-09-13T19:40:37.598+0200][gc,phases   ] GC(1)   Merge Heap Roots: 0.1ms
[2022-09-13T19:40:37.598+0200][gc,phases   ] GC(1)   Evacuate Collection Set: 4.4ms
[2022-09-13T19:40:37.598+0200][gc,phases   ] GC(1)   Post Evacuate Collection Set: 0.3ms
[2022-09-13T19:40:37.598+0200][gc,phases   ] GC(1)   Other: 0.2ms
[2022-09-13T19:40:37.598+0200][gc,heap     ] GC(1) Eden regions: 13->0(49)
[2022-09-13T19:40:37.598+0200][gc,heap     ] GC(1) Survivor regions: 7->2(7)
[2022-09-13T19:40:37.598+0200][gc,heap     ] GC(1) Old regions: 0->7
[2022-09-13T19:40:37.598+0200][gc,heap     ] GC(1) Archive regions: 2->2
[2022-09-13T19:40:37.598+0200][gc,heap     ] GC(1) Humongous regions: 129->129
[2022-09-13T19:40:37.598+0200][gc,metaspace] GC(1) Metaspace: 21022K(21248K)->21022K(21248K) NonClass: 18486K(18560K)->18486K(18560K) Class: 2536K(2688K)->2536K(2688K)
[2022-09-13T19:40:37.598+0200][gc          ] GC(1) Pause Young (Concurrent Start) (Metadata GC Threshold) 149M->138M(1024M) 5.262ms
[2022-09-13T19:40:37.598+0200][gc,cpu      ] GC(1) User=0.02s Sys=0.02s Real=0.00s
[2022-09-13T19:40:37.598+0200][gc          ] GC(2) Concurrent Mark Cycle
[2022-09-13T19:40:37.598+0200][gc,marking  ] GC(2) Concurrent Clear Claimed Marks
[2022-09-13T19:40:37.598+0200][gc,marking  ] GC(2) Concurrent Clear Claimed Marks 0.038ms
[2022-09-13T19:40:37.598+0200][gc,marking  ] GC(2) Concurrent Scan Root Regions
[2022-09-13T19:40:37.600+0200][gc,marking  ] GC(2) Concurrent Scan Root Regions 1.479ms
[2022-09-13T19:40:37.600+0200][gc,marking  ] GC(2) Concurrent Mark
[2022-09-13T19:40:37.600+0200][gc,marking  ] GC(2) Concurrent Mark From Roots
[2022-09-13T19:40:37.600+0200][gc,task     ] GC(2) Using 3 workers of 3 for marking
[2022-09-13T19:40:37.601+0200][gc,marking  ] GC(2) Concurrent Mark From Roots 1.146ms
[2022-09-13T19:40:37.601+0200][gc,marking  ] GC(2) Concurrent Preclean
[2022-09-13T19:40:37.601+0200][gc,marking  ] GC(2) Concurrent Preclean 0.030ms
[2022-09-13T19:40:37.601+0200][gc,start    ] GC(2) Pause Remark
[2022-09-13T19:40:37.603+0200][gc          ] GC(2) Pause Remark 139M->139M(1024M) 1.750ms
[2022-09-13T19:40:37.603+0200][gc,cpu      ] GC(2) User=0.01s Sys=0.00s Real=0.00s
[2022-09-13T19:40:37.603+0200][gc,marking  ] GC(2) Concurrent Mark 3.144ms
[2022-09-13T19:40:37.603+0200][gc,marking  ] GC(2) Concurrent Rebuild Remembered Sets
[2022-09-13T19:40:37.604+0200][gc,marking  ] GC(2) Concurrent Rebuild Remembered Sets 1.307ms
[2022-09-13T19:40:37.605+0200][gc,start    ] GC(2) Pause Cleanup
[2022-09-13T19:40:37.605+0200][gc          ] GC(2) Pause Cleanup 139M->139M(1024M) 0.101ms
[2022-09-13T19:40:37.605+0200][gc,cpu      ] GC(2) User=0.00s Sys=0.00s Real=0.00s
[2022-09-13T19:40:37.605+0200][gc,marking  ] GC(2) Concurrent Cleanup for Next Mark
[2022-09-13T19:40:37.609+0200][gc,marking  ] GC(2) Concurrent Cleanup for Next Mark 4.180ms
[2022-09-13T19:40:37.609+0200][gc          ] GC(2) Concurrent Mark Cycle 10.551ms
[2022-09-13T19:40:38.141+0200][gc,start    ] GC(3) Pause Young (Normal) (G1 Evacuation Pause)
[2022-09-13T19:40:38.141+0200][gc,task     ] GC(3) Using 10 workers of 10 for evacuation
[2022-09-13T19:40:38.143+0200][gc,phases   ] GC(3)   Pre Evacuate Collection Set: 0.1ms
[2022-09-13T19:40:38.143+0200][gc,phases   ] GC(3)   Merge Heap Roots: 0.0ms
[2022-09-13T19:40:38.143+0200][gc,phases   ] GC(3)   Evacuate Collection Set: 2.0ms
[2022-09-13T19:40:38.143+0200][gc,phases   ] GC(3)   Post Evacuate Collection Set: 0.2ms
[2022-09-13T19:40:38.143+0200][gc,phases   ] GC(3)   Other: 0.1ms
[2022-09-13T19:40:38.143+0200][gc,heap     ] GC(3) Eden regions: 49->0(45)
[2022-09-13T19:40:38.143+0200][gc,heap     ] GC(3) Survivor regions: 2->6(7)
[2022-09-13T19:40:38.143+0200][gc,heap     ] GC(3) Old regions: 7->7
[2022-09-13T19:40:38.143+0200][gc,heap     ] GC(3) Archive regions: 2->2
[2022-09-13T19:40:38.143+0200][gc,heap     ] GC(3) Humongous regions: 129->129
[2022-09-13T19:40:38.143+0200][gc,metaspace] GC(3) Metaspace: 32409K(32704K)->32409K(32704K) NonClass: 28836K(28992K)->28836K(28992K) Class: 3573K(3712K)->3573K(3712K)
[2022-09-13T19:40:38.143+0200][gc          ] GC(3) Pause Young (Normal) (G1 Evacuation Pause) 187M->142M(1024M) 2.535ms
[2022-09-13T19:40:38.143+0200][gc,cpu      ] GC(3) User=0.02s Sys=0.00s Real=0.00s
[2022-09-13T19:41:18.093+0200][gc,start    ] GC(4) Pause Young (Concurrent Start) (Metadata GC Threshold)
[2022-09-13T19:41:18.093+0200][gc,task     ] GC(4) Using 10 workers of 10 for evacuation
[2022-09-13T19:41:18.097+0200][gc,phases   ] GC(4)   Pre Evacuate Collection Set: 0.1ms
[2022-09-13T19:41:18.097+0200][gc,phases   ] GC(4)   Merge Heap Roots: 0.1ms
[2022-09-13T19:41:18.097+0200][gc,phases   ] GC(4)   Evacuate Collection Set: 3.1ms
[2022-09-13T19:41:18.097+0200][gc,phases   ] GC(4)   Post Evacuate Collection Set: 0.4ms
[2022-09-13T19:41:18.097+0200][gc,phases   ] GC(4)   Other: 0.2ms
[2022-09-13T19:41:18.097+0200][gc,heap     ] GC(4) Eden regions: 15->0(49)
[2022-09-13T19:41:18.097+0200][gc,heap     ] GC(4) Survivor regions: 6->2(7)
[2022-09-13T19:41:18.097+0200][gc,heap     ] GC(4) Old regions: 7->13
[2022-09-13T19:41:18.097+0200][gc,heap     ] GC(4) Archive regions: 2->2
[2022-09-13T19:41:18.097+0200][gc,heap     ] GC(4) Humongous regions: 129->129
[2022-09-13T19:41:18.097+0200][gc,metaspace] GC(4) Metaspace: 35199K(35520K)->35199K(35520K) NonClass: 31118K(31296K)->31118K(31296K) Class: 4081K(4224K)->4081K(4224K)
[2022-09-13T19:41:18.097+0200][gc          ] GC(4) Pause Young (Concurrent Start) (Metadata GC Threshold) 156M->143M(1024M) 4.045ms
[2022-09-13T19:41:18.097+0200][gc,cpu      ] GC(4) User=0.03s Sys=0.01s Real=0.00s
[2022-09-13T19:41:18.097+0200][gc          ] GC(5) Concurrent Mark Cycle
[2022-09-13T19:41:18.097+0200][gc,marking  ] GC(5) Concurrent Clear Claimed Marks
[2022-09-13T19:41:18.097+0200][gc,marking  ] GC(5) Concurrent Clear Claimed Marks 0.020ms
[2022-09-13T19:41:18.097+0200][gc,marking  ] GC(5) Concurrent Scan Root Regions
[2022-09-13T19:41:18.099+0200][gc,marking  ] GC(5) Concurrent Scan Root Regions 1.662ms
[2022-09-13T19:41:18.099+0200][gc,marking  ] GC(5) Concurrent Mark
[2022-09-13T19:41:18.099+0200][gc,marking  ] GC(5) Concurrent Mark From Roots
[2022-09-13T19:41:18.099+0200][gc,task     ] GC(5) Using 3 workers of 3 for marking
[2022-09-13T19:41:18.102+0200][gc,marking  ] GC(5) Concurrent Mark From Roots 3.444ms
[2022-09-13T19:41:18.102+0200][gc,marking  ] GC(5) Concurrent Preclean
[2022-09-13T19:41:18.102+0200][gc,marking  ] GC(5) Concurrent Preclean 0.068ms
[2022-09-13T19:41:18.102+0200][gc,start    ] GC(5) Pause Remark
[2022-09-13T19:41:18.103+0200][gc          ] GC(5) Pause Remark 144M->144M(1024M) 1.013ms
[2022-09-13T19:41:18.103+0200][gc,cpu      ] GC(5) User=0.00s Sys=0.00s Real=0.00s
[2022-09-13T19:41:18.103+0200][gc,marking  ] GC(5) Concurrent Mark 4.768ms
[2022-09-13T19:41:18.103+0200][gc,marking  ] GC(5) Concurrent Rebuild Remembered Sets
[2022-09-13T19:41:18.107+0200][gc,marking  ] GC(5) Concurrent Rebuild Remembered Sets 3.498ms
[2022-09-13T19:41:18.107+0200][gc,start    ] GC(5) Pause Cleanup
[2022-09-13T19:41:18.107+0200][gc          ] GC(5) Pause Cleanup 144M->144M(1024M) 0.118ms
[2022-09-13T19:41:18.107+0200][gc,cpu      ] GC(5) User=0.00s Sys=0.00s Real=0.00s
[2022-09-13T19:41:18.107+0200][gc,marking  ] GC(5) Concurrent Cleanup for Next Mark
[2022-09-13T19:41:18.112+0200][gc,marking  ] GC(5) Concurrent Cleanup for Next Mark 4.486ms
[2022-09-13T19:41:18.130+0200][gc          ] GC(5) Concurrent Mark Cycle 33.135ms
[2022-09-13T19:48:39.365+0200][gc,heap,exit] Heap
[2022-09-13T19:48:39.365+0200][gc,heap,exit]  garbage-first heap   total 1048576K, used 175186K [0x00000007c0000000, 0x0000000800000000)
[2022-09-13T19:48:39.365+0200][gc,heap,exit]   region size 1024K, 30 young (30720K), 2 survivors (2048K)
[2022-09-13T19:48:39.365+0200][gc,heap,exit]  Metaspace       used 38306K, committed 38784K, reserved 1089536K
[2022-09-13T19:48:39.365+0200][gc,heap,exit]   class space    used 4634K, committed 4864K, reserved 1048576K
