[2022-09-13T19:49:04.771+0200][gc] Using G1
[2022-09-13T19:49:04.774+0200][gc,init] Version: 16+36-2231 (release)
[2022-09-13T19:49:04.774+0200][gc,init] CPUs: 12 total, 12 available
[2022-09-13T19:49:04.774+0200][gc,init] Memory: 32768M
[2022-09-13T19:49:04.774+0200][gc,init] Large Page Support: Disabled
[2022-09-13T19:49:04.774+0200][gc,init] NUMA Support: Disabled
[2022-09-13T19:49:04.774+0200][gc,init] Compressed Oops: Enabled (Zero based)
[2022-09-13T19:49:04.774+0200][gc,init] Heap Region Size: 1M
[2022-09-13T19:49:04.774+0200][gc,init] Heap Min Capacity: 512M
[2022-09-13T19:49:04.774+0200][gc,init] Heap Initial Capacity: 512M
[2022-09-13T19:49:04.774+0200][gc,init] Heap Max Capacity: 512M
[2022-09-13T19:49:04.774+0200][gc,init] Pre-touch: Disabled
[2022-09-13T19:49:04.774+0200][gc,init] Parallel Workers: 10
[2022-09-13T19:49:04.774+0200][gc,init] Concurrent Workers: 3
[2022-09-13T19:49:04.774+0200][gc,init] Concurrent Refinement Workers: 10
[2022-09-13T19:49:04.774+0200][gc,init] Periodic GC: Disabled
[2022-09-13T19:49:04.775+0200][gc,metaspace] CDS archive(s) mapped at: [0x0000000800000000-0x0000000800bb9000-0x0000000800bb9000), size 12292096, SharedBaseAddress: 0x0000000800000000, ArchiveRelocationMode: 0.
[2022-09-13T19:49:04.775+0200][gc,metaspace] Compressed class space mapped at: 0x0000000800c00000-0x0000000840c00000, reserved size: 1073741824
[2022-09-13T19:49:04.775+0200][gc,metaspace] Narrow klass base: 0x0000000800000000, Narrow klass shift: 3, Narrow klass range: 0x100000000
[2022-09-13T19:49:16.611+0200][gc,start    ] GC(0) Pause Young (Normal) (G1 Evacuation Pause)
[2022-09-13T19:49:16.611+0200][gc,task     ] GC(0) Using 10 workers of 10 for evacuation
[2022-09-13T19:49:16.615+0200][gc,phases   ] GC(0)   Pre Evacuate Collection Set: 0.1ms
[2022-09-13T19:49:16.615+0200][gc,phases   ] GC(0)   Merge Heap Roots: 0.0ms
[2022-09-13T19:49:16.615+0200][gc,phases   ] GC(0)   Evacuate Collection Set: 3.5ms
[2022-09-13T19:49:16.615+0200][gc,phases   ] GC(0)   Post Evacuate Collection Set: 0.3ms
[2022-09-13T19:49:16.615+0200][gc,phases   ] GC(0)   Other: 0.5ms
[2022-09-13T19:49:16.615+0200][gc,heap     ] GC(0) Eden regions: 25->0(21)
[2022-09-13T19:49:16.615+0200][gc,heap     ] GC(0) Survivor regions: 0->4(4)
[2022-09-13T19:49:16.615+0200][gc,heap     ] GC(0) Old regions: 0->4
[2022-09-13T19:49:16.615+0200][gc,heap     ] GC(0) Archive regions: 2->2
[2022-09-13T19:49:16.615+0200][gc,heap     ] GC(0) Humongous regions: 0->0
[2022-09-13T19:49:16.615+0200][gc,metaspace] GC(0) Metaspace: 7838K(8000K)->7838K(8000K) NonClass: 6975K(7040K)->6975K(7040K) Class: 863K(960K)->863K(960K)
[2022-09-13T19:49:16.615+0200][gc          ] GC(0) Pause Young (Normal) (G1 Evacuation Pause) 25M->8M(512M) 4.470ms
[2022-09-13T19:49:16.616+0200][gc,cpu      ] GC(0) User=0.02s Sys=0.01s Real=0.00s
[2022-09-13T19:53:32.138+0200][gc,heap,exit] Heap
[2022-09-13T19:53:32.156+0200][gc,heap,exit]  garbage-first heap   total 524288K, used 17621K [0x00000007e0000000, 0x0000000800000000)
[2022-09-13T19:53:32.156+0200][gc,heap,exit]   region size 1024K, 14 young (14336K), 4 survivors (4096K)
[2022-09-13T19:53:32.156+0200][gc,heap,exit]  Metaspace       used 8413K, committed 8576K, reserved 1064960K
[2022-09-13T19:53:32.156+0200][gc,heap,exit]   class space    used 885K, committed 960K, reserved 1048576K
